// Jest Snapshot v1, https://goo.gl/fbAQLP

exports[`<Posts /> should match snapshot 1`] = `
<div
  class="posts"
>
  <div
    class="post"
  >
    <img
      alt="Post #1"
      src="img/img1.jpg"
    />
    <div
      class="post-content"
    >
      <h2>
        Post #1
      </h2>
      <p>
        Some text for post #1
      </p>
    </div>
  </div>
  <div
    class="post"
  >
    <img
      alt="Post #2"
      src="img/img2.jpg"
    />
    <div
      class="post-content"
    >
      <h2>
        Post #2
      </h2>
      <p>
        Some text for post #2
      </p>
    </div>
  </div>
  <div
    class="post"
  >
    <img
      alt="Post #3"
      src="img/img3.jpg"
    />
    <div
      class="post-content"
    >
      <h2>
        Post #3
      </h2>
      <p>
        Some text for post #3
      </p>
    </div>
  </div>
</div>
`;
