// Jest Snapshot v1, https://goo.gl/fbAQLP

exports[`<SearchInput /> should match snapshot 1`] = `
<input
  class="searchInput"
  placeholder="Busca por tÃ­tulo"
  type="search"
  value=""
/>
`;
